// Vitest Snapshot v1, https://vitest.dev/guide/snapshot.html

exports[`MainLayout > should match snapshot 1`] = `
{
  "asFragment": [Function],
  "baseElement": <body>
    <div>
      <div>
        <nav
          class="navbar navbar-expand-lg bg-body-tertiary"
        >
          <div
            class="container-fluid"
          >
            <div
              class="collapse navbar-collapse"
              id="navbarText"
            >
              <ul
                class="navbar-nav me-auto mb-2 mb-lg-0"
              >
                <li
                  class="nav-item"
                >
                  <a
                    aria-current="page"
                    class="nav-link active"
                    data-discover="true"
                    href="/"
                  >
                    Home
                  </a>
                </li>
                <li
                  class="nav-item"
                >
                  <a
                    class="nav-link"
                    data-discover="true"
                    href="/leaderboard"
                  >
                    Leaderboard
                  </a>
                </li>
                <li
                  class="nav-item"
                >
                  <a
                    class="nav-link"
                    data-discover="true"
                    href="/add"
                  >
                    New
                  </a>
                </li>
              </ul>
              <span
                class="d-flex"
              >
                <span
                  class="d-flex align-items-center justify-content-center"
                >
                  <img
                    height="30"
                    src="/default-user.jpg"
                    width="30"
                  />
                </span>
                <button
                  class="btn"
                >
                  Log out
                </button>
              </span>
            </div>
          </div>
        </nav>
        <main />
      </div>
    </div>
  </body>,
  "container": <div>
    <div>
      <nav
        class="navbar navbar-expand-lg bg-body-tertiary"
      >
        <div
          class="container-fluid"
        >
          <div
            class="collapse navbar-collapse"
            id="navbarText"
          >
            <ul
              class="navbar-nav me-auto mb-2 mb-lg-0"
            >
              <li
                class="nav-item"
              >
                <a
                  aria-current="page"
                  class="nav-link active"
                  data-discover="true"
                  href="/"
                >
                  Home
                </a>
              </li>
              <li
                class="nav-item"
              >
                <a
                  class="nav-link"
                  data-discover="true"
                  href="/leaderboard"
                >
                  Leaderboard
                </a>
              </li>
              <li
                class="nav-item"
              >
                <a
                  class="nav-link"
                  data-discover="true"
                  href="/add"
                >
                  New
                </a>
              </li>
            </ul>
            <span
              class="d-flex"
            >
              <span
                class="d-flex align-items-center justify-content-center"
              >
                <img
                  height="30"
                  src="/default-user.jpg"
                  width="30"
                />
              </span>
              <button
                class="btn"
              >
                Log out
              </button>
            </span>
          </div>
        </div>
      </nav>
      <main />
    </div>
  </div>,
  "debug": [Function],
  "findAllByAltText": [Function],
  "findAllByDisplayValue": [Function],
  "findAllByLabelText": [Function],
  "findAllByPlaceholderText": [Function],
  "findAllByRole": [Function],
  "findAllByTestId": [Function],
  "findAllByText": [Function],
  "findAllByTitle": [Function],
  "findByAltText": [Function],
  "findByDisplayValue": [Function],
  "findByLabelText": [Function],
  "findByPlaceholderText": [Function],
  "findByRole": [Function],
  "findByTestId": [Function],
  "findByText": [Function],
  "findByTitle": [Function],
  "getAllByAltText": [Function],
  "getAllByDisplayValue": [Function],
  "getAllByLabelText": [Function],
  "getAllByPlaceholderText": [Function],
  "getAllByRole": [Function],
  "getAllByTestId": [Function],
  "getAllByText": [Function],
  "getAllByTitle": [Function],
  "getByAltText": [Function],
  "getByDisplayValue": [Function],
  "getByLabelText": [Function],
  "getByPlaceholderText": [Function],
  "getByRole": [Function],
  "getByTestId": [Function],
  "getByText": [Function],
  "getByTitle": [Function],
  "queryAllByAltText": [Function],
  "queryAllByDisplayValue": [Function],
  "queryAllByLabelText": [Function],
  "queryAllByPlaceholderText": [Function],
  "queryAllByRole": [Function],
  "queryAllByTestId": [Function],
  "queryAllByText": [Function],
  "queryAllByTitle": [Function],
  "queryByAltText": [Function],
  "queryByDisplayValue": [Function],
  "queryByLabelText": [Function],
  "queryByPlaceholderText": [Function],
  "queryByRole": [Function],
  "queryByTestId": [Function],
  "queryByText": [Function],
  "queryByTitle": [Function],
  "rerender": [Function],
  "unmount": [Function],
}
`;
