// Vitest Snapshot v1, https://vitest.dev/guide/snapshot.html

exports[`Login > should match snapshot 1`] = `
{
  "asFragment": [Function],
  "baseElement": <body>
    <div>
      <div
        class="d-flex flex-column"
      >
        <h2>
          Login
        </h2>
        <form>
          <div>
            <label>
              User
              <br />
              <input
                data-testid="username"
                required=""
                value=""
              />
            </label>
          </div>
          <div>
            <label>
              Password
              <br />
              <input
                data-testid="password"
                required=""
                type="password"
                value=""
              />
            </label>
          </div>
          <button
            class="btn btn-primary"
            disabled=""
            type="submit"
          >
            Login
          </button>
        </form>
        <div
          class="d-flex flex-column m-auto"
        >
          <h2>
            Impersonate
          </h2>
          <select>
            <option
              value=""
            >
              Select user
            </option>
          </select>
          <button
            class="btn btn-primary"
            disabled=""
          >
            Login
          </button>
        </div>
      </div>
      ,
    </div>
  </body>,
  "container": <div>
    <div
      class="d-flex flex-column"
    >
      <h2>
        Login
      </h2>
      <form>
        <div>
          <label>
            User
            <br />
            <input
              data-testid="username"
              required=""
              value=""
            />
          </label>
        </div>
        <div>
          <label>
            Password
            <br />
            <input
              data-testid="password"
              required=""
              type="password"
              value=""
            />
          </label>
        </div>
        <button
          class="btn btn-primary"
          disabled=""
          type="submit"
        >
          Login
        </button>
      </form>
      <div
        class="d-flex flex-column m-auto"
      >
        <h2>
          Impersonate
        </h2>
        <select>
          <option
            value=""
          >
            Select user
          </option>
        </select>
        <button
          class="btn btn-primary"
          disabled=""
        >
          Login
        </button>
      </div>
    </div>
    ,
  </div>,
  "debug": [Function],
  "findAllByAltText": [Function],
  "findAllByDisplayValue": [Function],
  "findAllByLabelText": [Function],
  "findAllByPlaceholderText": [Function],
  "findAllByRole": [Function],
  "findAllByTestId": [Function],
  "findAllByText": [Function],
  "findAllByTitle": [Function],
  "findByAltText": [Function],
  "findByDisplayValue": [Function],
  "findByLabelText": [Function],
  "findByPlaceholderText": [Function],
  "findByRole": [Function],
  "findByTestId": [Function],
  "findByText": [Function],
  "findByTitle": [Function],
  "getAllByAltText": [Function],
  "getAllByDisplayValue": [Function],
  "getAllByLabelText": [Function],
  "getAllByPlaceholderText": [Function],
  "getAllByRole": [Function],
  "getAllByTestId": [Function],
  "getAllByText": [Function],
  "getAllByTitle": [Function],
  "getByAltText": [Function],
  "getByDisplayValue": [Function],
  "getByLabelText": [Function],
  "getByPlaceholderText": [Function],
  "getByRole": [Function],
  "getByTestId": [Function],
  "getByText": [Function],
  "getByTitle": [Function],
  "queryAllByAltText": [Function],
  "queryAllByDisplayValue": [Function],
  "queryAllByLabelText": [Function],
  "queryAllByPlaceholderText": [Function],
  "queryAllByRole": [Function],
  "queryAllByTestId": [Function],
  "queryAllByText": [Function],
  "queryAllByTitle": [Function],
  "queryByAltText": [Function],
  "queryByDisplayValue": [Function],
  "queryByLabelText": [Function],
  "queryByPlaceholderText": [Function],
  "queryByRole": [Function],
  "queryByTestId": [Function],
  "queryByText": [Function],
  "queryByTitle": [Function],
  "rerender": [Function],
  "unmount": [Function],
}
`;
